
> movie-finder@1.0.0 test
> jest tests/controllers/FavoritesController.test.js

node.exe : FAIL tests/controllers/Favorite
sController.test.js
En línea: 1 Carácter: 1
+ & "C:\Program Files\nodejs/node.exe" 
"C:\Users\jmcol\AppData\Roaming\ ...
+ ~~~~~~~~~~~~~~~~~~~~~~~~~~~~~~~~~~~~~~~~
~~~~~~~~~~~~~~~~~~~~~~~~~~~~~
    + CategoryInfo          : NotSpecifie 
   d: (FAIL tests/cont...troller.test.js  
  :String) [], RemoteException
    + FullyQualifiedErrorId : NativeComma 
   ndError
 
  FavoritesController
    Display Favorites
      ├ù should display favorites list 
(14 ms)
      ├ù should show empty message if no 
favorites (4 ms)
      ├ù should hide load more button (2 
ms)
    Display History
      ├ù should display history list (2 
ms)
      ├ù should show empty message if no 
history (1 ms)
    Update Badges
      ├ù should update navigation badges 
(1 ms)

  ÔùÅ FavoritesController ÔÇ║ Display 
Favorites ÔÇ║ should display favorites 
list

    TypeError: _logger.default is not a 
constructor

    [0m [90m  9 |[39m     
constructor(state) {
     [90m 10 |[39m         
[36mthis[39m[33m.[39mstate 
[33m=[39m state[33m;[39m
    [31m[1m>[22m[39m[90m 11 |[39m   
      [36mthis[39m[33m.[39mlogger 
[33m=[39m [36mnew[39m [33mLogger[39m
([32m'FAVORITES_CONTROLLER'[39m)[33m;[
39m
     [90m    |[39m                      
 [31m[1m^[22m[39m
     [90m 12 |[39m         
[36mthis[39m[33m.[39mdom [33m=[39m {
     [90m 13 |[39m             
loadMoreButton[33m:[39m document[33m.[
39mgetElementById([32m'load-more'[39m)[
33m,[39m
     [90m 14 |[39m             
favoritesButton[33m:[39m document[33m.
[39mgetElementById([32m'favorites-button'
[39m)[33m,[39m[0m

      at new FavoritesController (js/contr
ollers/FavoritesController.js:11:23)
      at Object.<anonymous> (tests/control
lers/FavoritesController.test.js:81:22)

  ÔùÅ FavoritesController ÔÇ║ Display 
Favorites ÔÇ║ should show empty message 
if no favorites

    TypeError: _logger.default is not a 
constructor

    [0m [90m  9 |[39m     
constructor(state) {
     [90m 10 |[39m         
[36mthis[39m[33m.[39mstate 
[33m=[39m state[33m;[39m
    [31m[1m>[22m[39m[90m 11 |[39m   
      [36mthis[39m[33m.[39mlogger 
[33m=[39m [36mnew[39m [33mLogger[39m
([32m'FAVORITES_CONTROLLER'[39m)[33m;[
39m
     [90m    |[39m                      
 [31m[1m^[22m[39m
     [90m 12 |[39m         
[36mthis[39m[33m.[39mdom [33m=[39m {
     [90m 13 |[39m             
loadMoreButton[33m:[39m document[33m.[
39mgetElementById([32m'load-more'[39m)[
33m,[39m
     [90m 14 |[39m             
favoritesButton[33m:[39m document[33m.
[39mgetElementById([32m'favorites-button'
[39m)[33m,[39m[0m

      at new FavoritesController (js/contr
ollers/FavoritesController.js:11:23)
      at Object.<anonymous> (tests/control
lers/FavoritesController.test.js:81:22)

  ÔùÅ FavoritesController ÔÇ║ Display 
Favorites ÔÇ║ should hide load more button

    TypeError: _logger.default is not a 
constructor

    [0m [90m  9 |[39m     
constructor(state) {
     [90m 10 |[39m         
[36mthis[39m[33m.[39mstate 
[33m=[39m state[33m;[39m
    [31m[1m>[22m[39m[90m 11 |[39m   
      [36mthis[39m[33m.[39mlogger 
[33m=[39m [36mnew[39m [33mLogger[39m
([32m'FAVORITES_CONTROLLER'[39m)[33m;[
39m
     [90m    |[39m                      
 [31m[1m^[22m[39m
     [90m 12 |[39m         
[36mthis[39m[33m.[39mdom [33m=[39m {
     [90m 13 |[39m             
loadMoreButton[33m:[39m document[33m.[
39mgetElementById([32m'load-more'[39m)[
33m,[39m
     [90m 14 |[39m             
favoritesButton[33m:[39m document[33m.
[39mgetElementById([32m'favorites-button'
[39m)[33m,[39m[0m

      at new FavoritesController (js/contr
ollers/FavoritesController.js:11:23)
      at Object.<anonymous> (tests/control
lers/FavoritesController.test.js:81:22)

  ÔùÅ FavoritesController ÔÇ║ Display 
History ÔÇ║ should display history list

    TypeError: _logger.default is not a 
constructor

    [0m [90m  9 |[39m     
constructor(state) {
     [90m 10 |[39m         
[36mthis[39m[33m.[39mstate 
[33m=[39m state[33m;[39m
    [31m[1m>[22m[39m[90m 11 |[39m   
      [36mthis[39m[33m.[39mlogger 
[33m=[39m [36mnew[39m [33mLogger[39m
([32m'FAVORITES_CONTROLLER'[39m)[33m;[
39m
     [90m    |[39m                      
 [31m[1m^[22m[39m
     [90m 12 |[39m         
[36mthis[39m[33m.[39mdom [33m=[39m {
     [90m 13 |[39m             
loadMoreButton[33m:[39m document[33m.[
39mgetElementById([32m'load-more'[39m)[
33m,[39m
     [90m 14 |[39m             
favoritesButton[33m:[39m document[33m.
[39mgetElementById([32m'favorites-button'
[39m)[33m,[39m[0m

      at new FavoritesController (js/contr
ollers/FavoritesController.js:11:23)
      at Object.<anonymous> (tests/control
lers/FavoritesController.test.js:81:22)

  ÔùÅ FavoritesController ÔÇ║ Display 
History ÔÇ║ should show empty message if 
no history

    TypeError: _logger.default is not a 
constructor

    [0m [90m  9 |[39m     
constructor(state) {
     [90m 10 |[39m         
[36mthis[39m[33m.[39mstate 
[33m=[39m state[33m;[39m
    [31m[1m>[22m[39m[90m 11 |[39m   
      [36mthis[39m[33m.[39mlogger 
[33m=[39m [36mnew[39m [33mLogger[39m
([32m'FAVORITES_CONTROLLER'[39m)[33m;[
39m
     [90m    |[39m                      
 [31m[1m^[22m[39m
     [90m 12 |[39m         
[36mthis[39m[33m.[39mdom [33m=[39m {
     [90m 13 |[39m             
loadMoreButton[33m:[39m document[33m.[
39mgetElementById([32m'load-more'[39m)[
33m,[39m
     [90m 14 |[39m             
favoritesButton[33m:[39m document[33m.
[39mgetElementById([32m'favorites-button'
[39m)[33m,[39m[0m

      at new FavoritesController (js/contr
ollers/FavoritesController.js:11:23)
      at Object.<anonymous> (tests/control
lers/FavoritesController.test.js:81:22)

  ÔùÅ FavoritesController ÔÇ║ Update 
Badges ÔÇ║ should update navigation badges

    TypeError: _logger.default is not a 
constructor

    [0m [90m  9 |[39m     
constructor(state) {
     [90m 10 |[39m         
[36mthis[39m[33m.[39mstate 
[33m=[39m state[33m;[39m
    [31m[1m>[22m[39m[90m 11 |[39m   
      [36mthis[39m[33m.[39mlogger 
[33m=[39m [36mnew[39m [33mLogger[39m
([32m'FAVORITES_CONTROLLER'[39m)[33m;[
39m
     [90m    |[39m                      
 [31m[1m^[22m[39m
     [90m 12 |[39m         
[36mthis[39m[33m.[39mdom [33m=[39m {
     [90m 13 |[39m             
loadMoreButton[33m:[39m document[33m.[
39mgetElementById([32m'load-more'[39m)[
33m,[39m
     [90m 14 |[39m             
favoritesButton[33m:[39m document[33m.
[39mgetElementById([32m'favorites-button'
[39m)[33m,[39m[0m

      at new FavoritesController (js/contr
ollers/FavoritesController.js:11:23)
      at Object.<anonymous> (tests/control
lers/FavoritesController.test.js:81:22)

Test Suites: 1 failed, 1 total
Tests:       6 failed, 6 total
Snapshots:   0 total
Time:        1.649 s
Ran all test suites matching /tests\\contr
ollers\\FavoritesController.test.js/i.
